Archive member included to satisfy reference by file (symbol)

c:/st/stm32cubeide_1.7.0/stm32cubeide/plugins/com.st.stm32cube.ide.mcu.externaltools.gnu-tools-for-stm32.9-2020-q2-update.win32_2.0.0.202105311346/tools/bin/../lib/gcc/arm-none-eabi/9.3.1/../../../../arm-none-eabi/lib/thumb/v7-m/nofp\libc_nano.a(lib_a-errno.o)
                              ./Core/Src/syscalls.o (__errno)
c:/st/stm32cubeide_1.7.0/stm32cubeide/plugins/com.st.stm32cube.ide.mcu.externaltools.gnu-tools-for-stm32.9-2020-q2-update.win32_2.0.0.202105311346/tools/bin/../lib/gcc/arm-none-eabi/9.3.1/../../../../arm-none-eabi/lib/thumb/v7-m/nofp\libc_nano.a(lib_a-exit.o)
                              c:/st/stm32cubeide_1.7.0/stm32cubeide/plugins/com.st.stm32cube.ide.mcu.externaltools.gnu-tools-for-stm32.9-2020-q2-update.win32_2.0.0.202105311346/tools/bin/../lib/gcc/arm-none-eabi/9.3.1/../../../../arm-none-eabi/lib/thumb/v7-m/nofp/crt0.o (exit)
c:/st/stm32cubeide_1.7.0/stm32cubeide/plugins/com.st.stm32cube.ide.mcu.externaltools.gnu-tools-for-stm32.9-2020-q2-update.win32_2.0.0.202105311346/tools/bin/../lib/gcc/arm-none-eabi/9.3.1/../../../../arm-none-eabi/lib/thumb/v7-m/nofp\libc_nano.a(lib_a-impure.o)
                              c:/st/stm32cubeide_1.7.0/stm32cubeide/plugins/com.st.stm32cube.ide.mcu.externaltools.gnu-tools-for-stm32.9-2020-q2-update.win32_2.0.0.202105311346/tools/bin/../lib/gcc/arm-none-eabi/9.3.1/../../../../arm-none-eabi/lib/thumb/v7-m/nofp\libc_nano.a(lib_a-exit.o) (_global_impure_ptr)
c:/st/stm32cubeide_1.7.0/stm32cubeide/plugins/com.st.stm32cube.ide.mcu.externaltools.gnu-tools-for-stm32.9-2020-q2-update.win32_2.0.0.202105311346/tools/bin/../lib/gcc/arm-none-eabi/9.3.1/../../../../arm-none-eabi/lib/thumb/v7-m/nofp\libc_nano.a(lib_a-init.o)
                              c:/st/stm32cubeide_1.7.0/stm32cubeide/plugins/com.st.stm32cube.ide.mcu.externaltools.gnu-tools-for-stm32.9-2020-q2-update.win32_2.0.0.202105311346/tools/bin/../lib/gcc/arm-none-eabi/9.3.1/../../../../arm-none-eabi/lib/thumb/v7-m/nofp/crt0.o (__libc_init_array)
c:/st/stm32cubeide_1.7.0/stm32cubeide/plugins/com.st.stm32cube.ide.mcu.externaltools.gnu-tools-for-stm32.9-2020-q2-update.win32_2.0.0.202105311346/tools/bin/../lib/gcc/arm-none-eabi/9.3.1/../../../../arm-none-eabi/lib/thumb/v7-m/nofp\libc_nano.a(lib_a-memset.o)
                              c:/st/stm32cubeide_1.7.0/stm32cubeide/plugins/com.st.stm32cube.ide.mcu.externaltools.gnu-tools-for-stm32.9-2020-q2-update.win32_2.0.0.202105311346/tools/bin/../lib/gcc/arm-none-eabi/9.3.1/../../../../arm-none-eabi/lib/thumb/v7-m/nofp/crt0.o (memset)

Allocating common symbols
Common symbol       size              file

htim4               0x48              ./Core/Src/tim.o
huart3              0x44              ./Core/Src/usart.o
hi2c1               0x54              ./Core/Src/i2c.o
hi2c2               0x54              ./Core/Src/i2c.o
uwTick              0x4               ./Drivers/STM32F1xx_HAL_Driver/Src/stm32f1xx_hal.o
pFlash              0x20              ./Drivers/STM32F1xx_HAL_Driver/Src/stm32f1xx_hal_flash.o
htim3               0x48              ./Core/Src/tim.o
huart1              0x44              ./Core/Src/usart.o
htim1               0x48              ./Core/Src/tim.o
htim2               0x48              ./Core/Src/tim.o
huart2              0x44              ./Core/Src/usart.o

Discarded input sections

 .text          0x0000000000000000        0x0 c:/st/stm32cubeide_1.7.0/stm32cubeide/plugins/com.st.stm32cube.ide.mcu.externaltools.gnu-tools-for-stm32.9-2020-q2-update.win32_2.0.0.202105311346/tools/bin/../lib/gcc/arm-none-eabi/9.3.1/thumb/v7-m/nofp/crti.o
 .data          0x0000000000000000        0x0 c:/st/stm32cubeide_1.7.0/stm32cubeide/plugins/com.st.stm32cube.ide.mcu.externaltools.gnu-tools-for-stm32.9-2020-q2-update.win32_2.0.0.202105311346/tools/bin/../lib/gcc/arm-none-eabi/9.3.1/thumb/v7-m/nofp/crti.o
 .bss           0x0000000000000000        0x0 c:/st/stm32cubeide_1.7.0/stm32cubeide/plugins/com.st.stm32cube.ide.mcu.externaltools.gnu-tools-for-stm32.9-2020-q2-update.win32_2.0.0.202105311346/tools/bin/../lib/gcc/arm-none-eabi/9.3.1/thumb/v7-m/nofp/crti.o
 .data          0x0000000000000000        0x4 c:/st/stm32cubeide_1.7.0/stm32cubeide/plugins/com.st.stm32cube.ide.mcu.externaltools.gnu-tools-for-stm32.9-2020-q2-update.win32_2.0.0.202105311346/tools/bin/../lib/gcc/arm-none-eabi/9.3.1/thumb/v7-m/nofp/crtbegin.o
 .text          0x0000000000000000       0x7c c:/st/stm32cubeide_1.7.0/stm32cubeide/plugins/com.st.stm32cube.ide.mcu.externaltools.gnu-tools-for-stm32.9-2020-q2-update.win32_2.0.0.202105311346/tools/bin/../lib/gcc/arm-none-eabi/9.3.1/../../../../arm-none-eabi/lib/thumb/v7-m/nofp/crt0.o
 .data          0x0000000000000000        0x0 c:/st/stm32cubeide_1.7.0/stm32cubeide/plugins/com.st.stm32cube.ide.mcu.externaltools.gnu-tools-for-stm32.9-2020-q2-update.win32_2.0.0.202105311346/tools/bin/../lib/gcc/arm-none-eabi/9.3.1/../../../../arm-none-eabi/lib/thumb/v7-m/nofp/crt0.o
[...]
Memory Configuration

Name             Origin             Length             Attributes
RAM              0x0000000020000000 0x000000000000c000 xrw
FLASH            0x0000000008000000 0x0000000000040000 xr
*default*        0x0000000000000000 0xffffffffffffffff

Linker script and memory map

LOAD c:/st/stm32cubeide_1.7.0/stm32cubeide/plugins/com.st.stm32cube.ide.mcu.externaltools.gnu-tools-for-stm32.9-2020-q2-update.win32_2.0.0.202105311346/tools/bin/../lib/gcc/arm-none-eabi/9.3.1/thumb/v7-m/nofp/crti.o
LOAD c:/st/stm32cubeide_1.7.0/stm32cubeide/plugins/com.st.stm32cube.ide.mcu.externaltools.gnu-tools-for-stm32.9-2020-q2-update.win32_2.0.0.202105311346/tools/bin/../lib/gcc/arm-none-eabi/9.3.1/thumb/v7-m/nofp/crtbegin.o
LOAD c:/st/stm32cubeide_1.7.0/stm32cubeide/plugins/com.st.stm32cube.ide.mcu.externaltools.gnu-tools-for-stm32.9-2020-q2-update.win32_2.0.0.202105311346/tools/bin/../lib/gcc/arm-none-eabi/9.3.1/../../../../arm-none-eabi/lib/thumb/v7-m/nofp/crt0.o
LOAD ./Core/Src/gpio.o
LOAD ./Core/Src/i2c.o
LOAD ./Core/Src/main.o
LOAD ./Core/Src/stm32f1xx_hal_msp.o
LOAD ./Core/Src/stm32f1xx_it.o
LOAD ./Core/Src/syscalls.o
LOAD ./Core/Src/system_stm32f1xx.o
LOAD ./Core/Src/tim.o
LOAD ./Core/Src/usart.o
LOAD ./Drivers/STM32F1xx_HAL_Driver/Src/stm32f1xx_hal.o
LOAD ./Drivers/STM32F1xx_HAL_Driver/Src/stm32f1xx_hal_cortex.o
LOAD ./Drivers/STM32F1xx_HAL_Driver/Src/stm32f1xx_hal_dma.o
LOAD ./Drivers/STM32F1xx_HAL_Driver/Src/stm32f1xx_hal_exti.o
LOAD ./Drivers/STM32F1xx_HAL_Driver/Src/stm32f1xx_hal_flash.o
LOAD ./Drivers/STM32F1xx_HAL_Driver/Src/stm32f1xx_hal_flash_ex.o
LOAD ./Drivers/STM32F1xx_HAL_Driver/Src/stm32f1xx_hal_gpio.o
LOAD ./Drivers/STM32F1xx_HAL_Driver/Src/stm32f1xx_hal_gpio_ex.o
LOAD ./Drivers/STM32F1xx_HAL_Driver/Src/stm32f1xx_hal_i2c.o
LOAD ./Drivers/STM32F1xx_HAL_Driver/Src/stm32f1xx_hal_pwr.o
LOAD ./Drivers/STM32F1xx_HAL_Driver/Src/stm32f1xx_hal_rcc.o
LOAD ./Drivers/STM32F1xx_HAL_Driver/Src/stm32f1xx_hal_rcc_ex.o
LOAD ./Drivers/STM32F1xx_HAL_Driver/Src/stm32f1xx_hal_tim.o
LOAD ./Drivers/STM32F1xx_HAL_Driver/Src/stm32f1xx_hal_tim_ex.o
LOAD ./Drivers/STM32F1xx_HAL_Driver/Src/stm32f1xx_hal_uart.o
LOAD ./startup/startup_stm32f103xe.o
START GROUP
LOAD c:/st/stm32cubeide_1.7.0/stm32cubeide/plugins/com.st.stm32cube.ide.mcu.externaltools.gnu-tools-for-stm32.9-2020-q2-update.win32_2.0.0.202105311346/tools/bin/../lib/gcc/arm-none-eabi/9.3.1/../../../../arm-none-eabi/lib/thumb/v7-m/nofp\libc_nano.a
LOAD c:/st/stm32cubeide_1.7.0/stm32cubeide/plugins/com.st.stm32cube.ide.mcu.externaltools.gnu-tools-for-stm32.9-2020-q2-update.win32_2.0.0.202105311346/tools/bin/../lib/gcc/arm-none-eabi/9.3.1/../../../../arm-none-eabi/lib/thumb/v7-m/nofp\libm.a
END GROUP
START GROUP
LOAD c:/st/stm32cubeide_1.7.0/stm32cubeide/plugins/com.st.stm32cube.ide.mcu.externaltools.gnu-tools-for-stm32.9-2020-q2-update.win32_2.0.0.202105311346/tools/bin/../lib/gcc/arm-none-eabi/9.3.1/thumb/v7-m/nofp\libgcc.a
LOAD c:/st/stm32cubeide_1.7.0/stm32cubeide/plugins/com.st.stm32cube.ide.mcu.externaltools.gnu-tools-for-stm32.9-2020-q2-update.win32_2.0.0.202105311346/tools/bin/../lib/gcc/arm-none-eabi/9.3.1/../../../../arm-none-eabi/lib/thumb/v7-m/nofp\libc_nano.a
END GROUP
START GROUP
LOAD c:/st/stm32cubeide_1.7.0/stm32cubeide/plugins/com.st.stm32cube.ide.mcu.externaltools.gnu-tools-for-stm32.9-2020-q2-update.win32_2.0.0.202105311346/tools/bin/../lib/gcc/arm-none-eabi/9.3.1/thumb/v7-m/nofp\libgcc.a
LOAD c:/st/stm32cubeide_1.7.0/stm32cubeide/plugins/com.st.stm32cube.ide.mcu.externaltools.gnu-tools-for-stm32.9-2020-q2-update.win32_2.0.0.202105311346/tools/bin/../lib/gcc/arm-none-eabi/9.3.1/../../../../arm-none-eabi/lib/thumb/v7-m/nofp\libc_nano.a
LOAD c:/st/stm32cubeide_1.7.0/stm32cubeide/plugins/com.st.stm32cube.ide.mcu.externaltools.gnu-tools-for-stm32.9-2020-q2-update.win32_2.0.0.202105311346/tools/bin/../lib/gcc/arm-none-eabi/9.3.1/../../../../arm-none-eabi/lib/thumb/v7-m/nofp\libnosys.a
END GROUP
START GROUP
LOAD c:/st/stm32cubeide_1.7.0/stm32cubeide/plugins/com.st.stm32cube.ide.mcu.externaltools.gnu-tools-for-stm32.9-2020-q2-update.win32_2.0.0.202105311346/tools/bin/../lib/gcc/arm-none-eabi/9.3.1/thumb/v7-m/nofp\libgcc.a
LOAD c:/st/stm32cubeide_1.7.0/stm32cubeide/plugins/com.st.stm32cube.ide.mcu.externaltools.gnu-tools-for-stm32.9-2020-q2-update.win32_2.0.0.202105311346/tools/bin/../lib/gcc/arm-none-eabi/9.3.1/../../../../arm-none-eabi/lib/thumb/v7-m/nofp\libc_nano.a
LOAD c:/st/stm32cubeide_1.7.0/stm32cubeide/plugins/com.st.stm32cube.ide.mcu.externaltools.gnu-tools-for-stm32.9-2020-q2-update.win32_2.0.0.202105311346/tools/bin/../lib/gcc/arm-none-eabi/9.3.1/../../../../arm-none-eabi/lib/thumb/v7-m/nofp\libnosys.a
END GROUP
LOAD c:/st/stm32cubeide_1.7.0/stm32cubeide/plugins/com.st.stm32cube.ide.mcu.externaltools.gnu-tools-for-stm32.9-2020-q2-update.win32_2.0.0.202105311346/tools/bin/../lib/gcc/arm-none-eabi/9.3.1/thumb/v7-m/nofp/crtend.o
LOAD c:/st/stm32cubeide_1.7.0/stm32cubeide/plugins/com.st.stm32cube.ide.mcu.externaltools.gnu-tools-for-stm32.9-2020-q2-update.win32_2.0.0.202105311346/tools/bin/../lib/gcc/arm-none-eabi/9.3.1/thumb/v7-m/nofp/crtn.o
                0x000000002000c000                _estack = 0x2000c000
                0x0000000000000200                _Min_Heap_Size = 0x200
                0x0000000000000400                _Min_Stack_Size = 0x400

.isr_vector     0x0000000008000000      0x1e4
                0x0000000008000000                . = ALIGN (0x4)
 *(.isr_vector)
 .isr_vector    0x0000000008000000      0x1e4 ./startup/startup_stm32f103xe.o
                0x0000000008000000                g_pfnVectors
                0x00000000080001e4                . = ALIGN (0x4)

.text           0x00000000080001e4     0x1d08
                0x00000000080001e4                . = ALIGN (0x4)
 *(.text)
 .text          0x00000000080001e4       0x40 c:/st/stm32cubeide_1.7.0/stm32cubeide/plugins/com.st.stm32cube.ide.mcu.externaltools.gnu-tools-for-stm32.9-2020-q2-update.win32_2.0.0.202105311346/tools/bin/../lib/gcc/arm-none-eabi/9.3.1/thumb/v7-m/nofp/crtbegin.o
 *(.text*)
 .text.MX_GPIO_Init
                0x0000000008000224       0xd8 ./Core/Src/gpio.o
                0x0000000008000224                MX_GPIO_Init
 .text.MX_I2C1_Init
                0x00000000080002fc       0x3c ./Core/Src/i2c.o
                0x00000000080002fc                MX_I2C1_Init
 .text.MX_I2C2_Init
                0x0000000008000338       0x3c ./Core/Src/i2c.o
                0x0000000008000338                MX_I2C2_Init
 .text.HAL_I2C_MspInit
                0x0000000008000374       0xac ./Core/Src/i2c.o
                0x0000000008000374                HAL_I2C_MspInit
 .text.Error_Handler
                0x0000000008000420        0x4 ./Core/Src/main.o
                0x0000000008000420                Error_Handler
 .text.SystemClock_Config
                0x0000000008000424       0x62 ./Core/Src/main.o
                0x0000000008000424                SystemClock_Config
 .text.main     0x0000000008000486       0x34 ./Core/Src/main.o
                0x0000000008000486                main
 *fill*         0x00000000080004ba        0x2 
 .text.HAL_MspInit
                0x00000000080004bc       0x44 ./Core/Src/stm32f1xx_hal_msp.o
                0x00000000080004bc                HAL_MspInit
 .text.NMI_Handler
                0x0000000008000500        0x2 ./Core/Src/stm32f1xx_it.o
                0x0000000008000500                NMI_Handler
 .text.HardFault_Handler
                0x0000000008000502        0x2 ./Core/Src/stm32f1xx_it.o
                0x0000000008000502                HardFault_Handler
 .text.MemManage_Handler
                0x0000000008000504        0x2 ./Core/Src/stm32f1xx_it.o
                0x0000000008000504                MemManage_Handler
 .text.BusFault_Handler
                0x0000000008000506        0x2 ./Core/Src/stm32f1xx_it.o
                0x0000000008000506                BusFault_Handler
 .text.UsageFault_Handler
                0x0000000008000508        0x2 ./Core/Src/stm32f1xx_it.o
                0x0000000008000508                UsageFault_Handler
 .text.SVC_Handler
                0x000000000800050a        0x2 ./Core/Src/stm32f1xx_it.o
                0x000000000800050a                SVC_Handler
 .text.DebugMon_Handler
                0x000000000800050c        0x2 ./Core/Src/stm32f1xx_it.o
                0x000000000800050c                DebugMon_Handler
 .text.PendSV_Handler
                0x000000000800050e        0x2 ./Core/Src/stm32f1xx_it.o
                0x000000000800050e                PendSV_Handler
 .text.SysTick_Handler
                0x0000000008000510        0x8 ./Core/Src/stm32f1xx_it.o
                0x0000000008000510                SysTick_Handler
 .text.TIM2_IRQHandler
                0x0000000008000518       0x10 ./Core/Src/stm32f1xx_it.o
                0x0000000008000518                TIM2_IRQHandler
 .text.TIM3_IRQHandler
                0x0000000008000528       0x10 ./Core/Src/stm32f1xx_it.o
                0x0000000008000528                TIM3_IRQHandler
 .text.SystemInit
                0x0000000008000538        0x2 ./Core/Src/system_stm32f1xx.o
                0x0000000008000538                SystemInit
 *fill*         0x000000000800053a        0x2 
 .text.MX_TIM2_Init
                0x000000000800053c       0x64 ./Core/Src/tim.o
                0x000000000800053c                MX_TIM2_Init
 .text.MX_TIM3_Init
                0x00000000080005a0       0x64 ./Core/Src/tim.o
                0x00000000080005a0                MX_TIM3_Init
 .text.HAL_TIM_PWM_MspInit
                0x0000000008000604       0x4c ./Core/Src/tim.o
                0x0000000008000604                HAL_TIM_PWM_MspInit
 .text.HAL_TIM_Encoder_MspInit
                0x0000000008000650      0x100 ./Core/Src/tim.o
                0x0000000008000650                HAL_TIM_Encoder_MspInit
 .text.HAL_TIM_MspPostInit
                0x0000000008000750       0x8c ./Core/Src/tim.o
                0x0000000008000750                HAL_TIM_MspPostInit
 .text.MX_TIM1_Init
                0x00000000080007dc       0xc8 ./Core/Src/tim.o
                0x00000000080007dc                MX_TIM1_Init
 .text.MX_TIM4_Init
                0x00000000080008a4       0x94 ./Core/Src/tim.o
                0x00000000080008a4                MX_TIM4_Init
 .text.MX_USART1_UART_Init
                0x0000000008000938       0x34 ./Core/Src/usart.o
                0x0000000008000938                MX_USART1_UART_Init
 .text.MX_USART2_UART_Init
                0x000000000800096c       0x34 ./Core/Src/usart.o
                0x000000000800096c                MX_USART2_UART_Init
 .text.MX_USART3_UART_Init
                0x00000000080009a0       0x34 ./Core/Src/usart.o
                0x00000000080009a0                MX_USART3_UART_Init
 .text.HAL_UART_MspInit
                0x00000000080009d4      0x14c ./Core/Src/usart.o
                0x00000000080009d4                HAL_UART_MspInit
 .text.HAL_InitTick
                0x0000000008000b20       0x48 ./Drivers/STM32F1xx_HAL_Driver/Src/stm32f1xx_hal.o
                0x0000000008000b20                HAL_InitTick
 .text.HAL_Init
                0x0000000008000b68       0x24 ./Drivers/STM32F1xx_HAL_Driver/Src/stm32f1xx_hal.o
                0x0000000008000b68                HAL_Init
 .text.HAL_IncTick
                0x0000000008000b8c       0x18 ./Drivers/STM32F1xx_HAL_Driver/Src/stm32f1xx_hal.o
                0x0000000008000b8c                HAL_IncTick
 .text.HAL_GetTick
                0x0000000008000ba4        0xc ./Drivers/STM32F1xx_HAL_Driver/Src/stm32f1xx_hal.o
                0x0000000008000ba4                HAL_GetTick
 .text.HAL_NVIC_SetPriorityGrouping
                0x0000000008000bb0       0x24 ./Drivers/STM32F1xx_HAL_Driver/Src/stm32f1xx_hal_cortex.o
                0x0000000008000bb0                HAL_NVIC_SetPriorityGrouping
 .text.HAL_NVIC_SetPriority
                0x0000000008000bd4       0x68 ./Drivers/STM32F1xx_HAL_Driver/Src/stm32f1xx_hal_cortex.o
                0x0000000008000bd4                HAL_NVIC_SetPriority
 .text.HAL_NVIC_EnableIRQ
                0x0000000008000c3c       0x1c ./Drivers/STM32F1xx_HAL_Driver/Src/stm32f1xx_hal_cortex.o
                0x0000000008000c3c                HAL_NVIC_EnableIRQ
 .text.HAL_SYSTICK_Config
                0x0000000008000c58       0x2c ./Drivers/STM32F1xx_HAL_Driver/Src/stm32f1xx_hal_cortex.o
                0x0000000008000c58                HAL_SYSTICK_Config
 .text.HAL_GPIO_Init
                0x0000000008000c84      0x238 ./Drivers/STM32F1xx_HAL_Driver/Src/stm32f1xx_hal_gpio.o
                0x0000000008000c84                HAL_GPIO_Init
 .text.HAL_GPIO_WritePin
                0x0000000008000ebc        0xc ./Drivers/STM32F1xx_HAL_Driver/Src/stm32f1xx_hal_gpio.o
                0x0000000008000ebc                HAL_GPIO_WritePin
 .text.HAL_I2C_Init
                0x0000000008000ec8      0x1bc ./Drivers/STM32F1xx_HAL_Driver/Src/stm32f1xx_hal_i2c.o
                0x0000000008000ec8                HAL_I2C_Init
 .text.RCC_Delay
                0x0000000008001084       0x2c ./Drivers/STM32F1xx_HAL_Driver/Src/stm32f1xx_hal_rcc.o
 .text.HAL_RCC_OscConfig
                0x00000000080010b0      0x410 ./Drivers/STM32F1xx_HAL_Driver/Src/stm32f1xx_hal_rcc.o
                0x00000000080010b0                HAL_RCC_OscConfig
 .text.HAL_RCC_GetSysClockFreq
                0x00000000080014c0       0x6c ./Drivers/STM32F1xx_HAL_Driver/Src/stm32f1xx_hal_rcc.o
                0x00000000080014c0                HAL_RCC_GetSysClockFreq
 .text.HAL_RCC_ClockConfig
                0x000000000800152c      0x16c ./Drivers/STM32F1xx_HAL_Driver/Src/stm32f1xx_hal_rcc.o
                0x000000000800152c                HAL_RCC_ClockConfig
 .text.HAL_RCC_GetHCLKFreq
                0x0000000008001698        0xc ./Drivers/STM32F1xx_HAL_Driver/Src/stm32f1xx_hal_rcc.o
                0x0000000008001698                HAL_RCC_GetHCLKFreq
 .text.HAL_RCC_GetPCLK1Freq
                0x00000000080016a4       0x20 ./Drivers/STM32F1xx_HAL_Driver/Src/stm32f1xx_hal_rcc.o
                0x00000000080016a4                HAL_RCC_GetPCLK1Freq
 .text.HAL_RCC_GetPCLK2Freq
                0x00000000080016c4       0x20 ./Drivers/STM32F1xx_HAL_Driver/Src/stm32f1xx_hal_rcc.o
                0x00000000080016c4                HAL_RCC_GetPCLK2Freq
 .text.TIM_OC1_SetConfig
                0x00000000080016e4       0x68 ./Drivers/STM32F1xx_HAL_Driver/Src/stm32f1xx_hal_tim.o
 .text.TIM_OC3_SetConfig
                0x000000000800174c       0x70 ./Drivers/STM32F1xx_HAL_Driver/Src/stm32f1xx_hal_tim.o
 .text.TIM_OC4_SetConfig
                0x00000000080017bc       0x50 ./Drivers/STM32F1xx_HAL_Driver/Src/stm32f1xx_hal_tim.o
 .text.HAL_TIM_PeriodElapsedCallback
                0x000000000800180c        0x2 ./Drivers/STM32F1xx_HAL_Driver/Src/stm32f1xx_hal_tim.o
                0x000000000800180c                HAL_TIM_PeriodElapsedCallback
 .text.HAL_TIM_OC_DelayElapsedCallback
                0x000000000800180e        0x2 ./Drivers/STM32F1xx_HAL_Driver/Src/stm32f1xx_hal_tim.o
                0x000000000800180e                HAL_TIM_OC_DelayElapsedCallback
 .text.HAL_TIM_IC_CaptureCallback
                0x0000000008001810        0x2 ./Drivers/STM32F1xx_HAL_Driver/Src/stm32f1xx_hal_tim.o
                0x0000000008001810                HAL_TIM_IC_CaptureCallback
 .text.HAL_TIM_PWM_PulseFinishedCallback
                0x0000000008001812        0x2 ./Drivers/STM32F1xx_HAL_Driver/Src/stm32f1xx_hal_tim.o
                0x0000000008001812                HAL_TIM_PWM_PulseFinishedCallback
 .text.HAL_TIM_TriggerCallback
                0x0000000008001814        0x2 ./Drivers/STM32F1xx_HAL_Driver/Src/stm32f1xx_hal_tim.o
                0x0000000008001814                HAL_TIM_TriggerCallback
 .text.HAL_TIM_IRQHandler
                0x0000000008001816      0x17a ./Drivers/STM32F1xx_HAL_Driver/Src/stm32f1xx_hal_tim.o
                0x0000000008001816                HAL_TIM_IRQHandler
 .text.TIM_Base_SetConfig
                0x0000000008001990       0x98 ./Drivers/STM32F1xx_HAL_Driver/Src/stm32f1xx_hal_tim.o
                0x0000000008001990                TIM_Base_SetConfig
 .text.HAL_TIM_PWM_Init
                0x0000000008001a28       0x58 ./Drivers/STM32F1xx_HAL_Driver/Src/stm32f1xx_hal_tim.o
                0x0000000008001a28                HAL_TIM_PWM_Init
 .text.HAL_TIM_Encoder_Init
                0x0000000008001a80       0xb0 ./Drivers/STM32F1xx_HAL_Driver/Src/stm32f1xx_hal_tim.o
                0x0000000008001a80                HAL_TIM_Encoder_Init
 .text.TIM_OC2_SetConfig
                0x0000000008001b30       0x70 ./Drivers/STM32F1xx_HAL_Driver/Src/stm32f1xx_hal_tim.o
                0x0000000008001b30                TIM_OC2_SetConfig
 .text.HAL_TIM_PWM_ConfigChannel
                0x0000000008001ba0       0xd0 ./Drivers/STM32F1xx_HAL_Driver/Src/stm32f1xx_hal_tim.o
                0x0000000008001ba0                HAL_TIM_PWM_ConfigChannel
 .text.HAL_TIMEx_MasterConfigSynchronization
                0x0000000008001c70       0x78 ./Drivers/STM32F1xx_HAL_Driver/Src/stm32f1xx_hal_tim_ex.o
                0x0000000008001c70                HAL_TIMEx_MasterConfigSynchronization
 .text.HAL_TIMEx_ConfigBreakDeadTime
                0x0000000008001ce8       0x52 ./Drivers/STM32F1xx_HAL_Driver/Src/stm32f1xx_hal_tim_ex.o
                0x0000000008001ce8                HAL_TIMEx_ConfigBreakDeadTime
 .text.HAL_TIMEx_CommutCallback
                0x0000000008001d3a        0x2 ./Drivers/STM32F1xx_HAL_Driver/Src/stm32f1xx_hal_tim_ex.o
                0x0000000008001d3a                HAL_TIMEx_CommutCallback
 .text.HAL_TIMEx_BreakCallback
                0x0000000008001d3c        0x2 ./Drivers/STM32F1xx_HAL_Driver/Src/stm32f1xx_hal_tim_ex.o
                0x0000000008001d3c                HAL_TIMEx_BreakCallback
 *fill*         0x0000000008001d3e        0x2 
 .text.UART_SetConfig
                0x0000000008001d40       0x90 ./Drivers/STM32F1xx_HAL_Driver/Src/stm32f1xx_hal_uart.o
 .text.HAL_UART_Init
                0x0000000008001dd0       0x5e ./Drivers/STM32F1xx_HAL_Driver/Src/stm32f1xx_hal_uart.o
                0x0000000008001dd0                HAL_UART_Init
 *fill*         0x0000000008001e2e        0x2 
 .text.Reset_Handler
                0x0000000008001e30       0x48 ./startup/startup_stm32f103xe.o
                0x0000000008001e30                Reset_Handler
 .text.Default_Handler
                0x0000000008001e78        0x2 ./startup/startup_stm32f103xe.o
                0x0000000008001e78                RTC_Alarm_IRQHandler
                0x0000000008001e78                EXTI2_IRQHandler
                0x0000000008001e78                TIM8_TRG_COM_IRQHandler
                0x0000000008001e78                TIM8_CC_IRQHandler
                0x0000000008001e78                TIM1_CC_IRQHandler
                0x0000000008001e78                TIM6_IRQHandler
                0x0000000008001e78                PVD_IRQHandler
                0x0000000008001e78                SDIO_IRQHandler
                0x0000000008001e78                EXTI3_IRQHandler
                0x0000000008001e78                EXTI0_IRQHandler
                0x0000000008001e78                I2C2_EV_IRQHandler
                0x0000000008001e78                ADC1_2_IRQHandler
                0x0000000008001e78                SPI1_IRQHandler
                0x0000000008001e78                TAMPER_IRQHandler
                0x0000000008001e78                TIM8_UP_IRQHandler
                0x0000000008001e78                DMA2_Channel2_IRQHandler
                0x0000000008001e78                DMA1_Channel4_IRQHandler
                0x0000000008001e78                USART3_IRQHandler
                0x0000000008001e78                RTC_IRQHandler
                0x0000000008001e78                DMA1_Channel7_IRQHandler
                0x0000000008001e78                CAN1_RX1_IRQHandler
                0x0000000008001e78                UART5_IRQHandler
                0x0000000008001e78                ADC3_IRQHandler
                0x0000000008001e78                TIM4_IRQHandler
                0x0000000008001e78                DMA2_Channel1_IRQHandler
                0x0000000008001e78                I2C1_EV_IRQHandler
                0x0000000008001e78                DMA1_Channel6_IRQHandler
                0x0000000008001e78                UART4_IRQHandler
                0x0000000008001e78                RCC_IRQHandler
                0x0000000008001e78                TIM1_TRG_COM_IRQHandler
                0x0000000008001e78                DMA1_Channel1_IRQHandler
                0x0000000008001e78                Default_Handler
                0x0000000008001e78                EXTI15_10_IRQHandler
                0x0000000008001e78                TIM7_IRQHandler
                0x0000000008001e78                TIM5_IRQHandler
                0x0000000008001e78                EXTI9_5_IRQHandler
                0x0000000008001e78                SPI2_IRQHandler
                0x0000000008001e78                DMA1_Channel5_IRQHandler
                0x0000000008001e78                EXTI4_IRQHandler
                0x0000000008001e78                USB_LP_CAN1_RX0_IRQHandler
                0x0000000008001e78                USB_HP_CAN1_TX_IRQHandler
                0x0000000008001e78                DMA1_Channel3_IRQHandler
                0x0000000008001e78                FSMC_IRQHandler
                0x0000000008001e78                TIM1_UP_IRQHandler
                0x0000000008001e78                WWDG_IRQHandler
                0x0000000008001e78                TIM1_BRK_IRQHandler
                0x0000000008001e78                EXTI1_IRQHandler
                0x0000000008001e78                DMA2_Channel4_5_IRQHandler
                0x0000000008001e78                USART2_IRQHandler
                0x0000000008001e78                I2C2_ER_IRQHandler
                0x0000000008001e78                DMA1_Channel2_IRQHandler
                0x0000000008001e78                TIM8_BRK_IRQHandler
                0x0000000008001e78                CAN1_SCE_IRQHandler
                0x0000000008001e78                FLASH_IRQHandler
                0x0000000008001e78                USART1_IRQHandler
                0x0000000008001e78                SPI3_IRQHandler
                0x0000000008001e78                I2C1_ER_IRQHandler
                0x0000000008001e78                USBWakeUp_IRQHandler
                0x0000000008001e78                DMA2_Channel3_IRQHandler
 *fill*         0x0000000008001e7a        0x2 
 .text.__libc_init_array
                0x0000000008001e7c       0x48 c:/st/stm32cubeide_1.7.0/stm32cubeide/plugins/com.st.stm32cube.ide.mcu.externaltools.gnu-tools-for-stm32.9-2020-q2-update.win32_2.0.0.202105311346/tools/bin/../lib/gcc/arm-none-eabi/9.3.1/../../../../arm-none-eabi/lib/thumb/v7-m/nofp\libc_nano.a(lib_a-init.o)
                0x0000000008001e7c                __libc_init_array
 .text.memset   0x0000000008001ec4       0x10 c:/st/stm32cubeide_1.7.0/stm32cubeide/plugins/com.st.stm32cube.ide.mcu.externaltools.gnu-tools-for-stm32.9-2020-q2-update.win32_2.0.0.202105311346/tools/bin/../lib/gcc/arm-none-eabi/9.3.1/../../../../arm-none-eabi/lib/thumb/v7-m/nofp\libc_nano.a(lib_a-memset.o)
                0x0000000008001ec4                memset
 *(.glue_7)
 .glue_7        0x0000000008001ed4        0x0 linker stubs
 *(.glue_7t)
 .glue_7t       0x0000000008001ed4        0x0 linker stubs
 *(.eh_frame)
 .eh_frame      0x0000000008001ed4        0x0 c:/st/stm32cubeide_1.7.0/stm32cubeide/plugins/com.st.stm32cube.ide.mcu.externaltools.gnu-tools-for-stm32.9-2020-q2-update.win32_2.0.0.202105311346/tools/bin/../lib/gcc/arm-none-eabi/9.3.1/thumb/v7-m/nofp/crtbegin.o
 *(.init)
 .init          0x0000000008001ed4        0x4 c:/st/stm32cubeide_1.7.0/stm32cubeide/plugins/com.st.stm32cube.ide.mcu.externaltools.gnu-tools-for-stm32.9-2020-q2-update.win32_2.0.0.202105311346/tools/bin/../lib/gcc/arm-none-eabi/9.3.1/thumb/v7-m/nofp/crti.o
                0x0000000008001ed4                _init
 .init          0x0000000008001ed8        0x8 c:/st/stm32cubeide_1.7.0/stm32cubeide/plugins/com.st.stm32cube.ide.mcu.externaltools.gnu-tools-for-stm32.9-2020-q2-update.win32_2.0.0.202105311346/tools/bin/../lib/gcc/arm-none-eabi/9.3.1/thumb/v7-m/nofp/crtn.o
 *(.fini)
 .fini          0x0000000008001ee0        0x4 c:/st/stm32cubeide_1.7.0/stm32cubeide/plugins/com.st.stm32cube.ide.mcu.externaltools.gnu-tools-for-stm32.9-2020-q2-update.win32_2.0.0.202105311346/tools/bin/../lib/gcc/arm-none-eabi/9.3.1/thumb/v7-m/nofp/crti.o
                0x0000000008001ee0                _fini
 .fini          0x0000000008001ee4        0x8 c:/st/stm32cubeide_1.7.0/stm32cubeide/plugins/com.st.stm32cube.ide.mcu.externaltools.gnu-tools-for-stm32.9-2020-q2-update.win32_2.0.0.202105311346/tools/bin/../lib/gcc/arm-none-eabi/9.3.1/thumb/v7-m/nofp/crtn.o
                0x0000000008001eec                . = ALIGN (0x4)
                0x0000000008001eec                _etext = .

.vfp11_veneer   0x0000000008001eec        0x0
 .vfp11_veneer  0x0000000008001eec        0x0 linker stubs

.v4_bx          0x0000000008001eec        0x0
 .v4_bx         0x0000000008001eec        0x0 linker stubs

.iplt           0x0000000008001eec        0x0
 .iplt          0x0000000008001eec        0x0 c:/st/stm32cubeide_1.7.0/stm32cubeide/plugins/com.st.stm32cube.ide.mcu.externaltools.gnu-tools-for-stm32.9-2020-q2-update.win32_2.0.0.202105311346/tools/bin/../lib/gcc/arm-none-eabi/9.3.1/thumb/v7-m/nofp/crtbegin.o

.rodata         0x0000000008001eec       0x2c
                0x0000000008001eec                . = ALIGN (0x4)
 *(.rodata)
 .rodata        0x0000000008001eec       0x18 ./Core/Src/system_stm32f1xx.o
                0x0000000008001eec                AHBPrescTable
                0x0000000008001efc                APBPrescTable
 *(.rodata*)
 .rodata.str1.4
                0x0000000008001f04       0x11 ./Drivers/STM32F1xx_HAL_Driver/Src/stm32f1xx_hal_rcc.o
                0x0000000008001f18                . = ALIGN (0x4)
 *fill*         0x0000000008001f15        0x3 

.rel.dyn        0x0000000008001f18        0x0
 .rel.iplt      0x0000000008001f18        0x0 c:/st/stm32cubeide_1.7.0/stm32cubeide/plugins/com.st.stm32cube.ide.mcu.externaltools.gnu-tools-for-stm32.9-2020-q2-update.win32_2.0.0.202105311346/tools/bin/../lib/gcc/arm-none-eabi/9.3.1/thumb/v7-m/nofp/crtbegin.o

.ARM.extab
 *(.ARM.extab* .gnu.linkonce.armextab.*)

.ARM            0x0000000008001f18        0x0
                0x0000000008001f18                __exidx_start = .
 *(.ARM.exidx*)
                0x0000000008001f18                __exidx_end = .

.preinit_array  0x0000000008001f18        0x0
                0x0000000008001f18                PROVIDE (__preinit_array_start = .)
 *(.preinit_array*)
                0x0000000008001f18                PROVIDE (__preinit_array_end = .)

.init_array     0x0000000008001f18        0x4
                0x0000000008001f18                PROVIDE (__init_array_start = .)
 *(SORT_BY_NAME(.init_array.*))
 *(.init_array*)
 .init_array    0x0000000008001f18        0x4 c:/st/stm32cubeide_1.7.0/stm32cubeide/plugins/com.st.stm32cube.ide.mcu.externaltools.gnu-tools-for-stm32.9-2020-q2-update.win32_2.0.0.202105311346/tools/bin/../lib/gcc/arm-none-eabi/9.3.1/thumb/v7-m/nofp/crtbegin.o
                0x0000000008001f1c                PROVIDE (__init_array_end = .)

.fini_array     0x0000000008001f1c        0x4
                [!provide]                        PROVIDE (__fini_array_start = .)
 *(SORT_BY_NAME(.fini_array.*))
 *(.fini_array*)
 .fini_array    0x0000000008001f1c        0x4 c:/st/stm32cubeide_1.7.0/stm32cubeide/plugins/com.st.stm32cube.ide.mcu.externaltools.gnu-tools-for-stm32.9-2020-q2-update.win32_2.0.0.202105311346/tools/bin/../lib/gcc/arm-none-eabi/9.3.1/thumb/v7-m/nofp/crtbegin.o
                [!provide]                        PROVIDE (__fini_array_end = .)
                0x0000000008001f20                _sidata = LOADADDR (.data)

.data           0x0000000020000000        0xc load address 0x0000000008001f20
                0x0000000020000000                . = ALIGN (0x4)
                0x0000000020000000                _sdata = .
 *(.data)
 .data          0x0000000020000000        0x4 ./Core/Src/system_stm32f1xx.o
                0x0000000020000000                SystemCoreClock
 .data          0x0000000020000004        0x8 ./Drivers/STM32F1xx_HAL_Driver/Src/stm32f1xx_hal.o
                0x0000000020000004                uwTickFreq
                0x0000000020000008                uwTickPrio
 *(.data*)
                0x000000002000000c                . = ALIGN (0x4)
                0x000000002000000c                _edata = .

.igot.plt       0x000000002000000c        0x0 load address 0x0000000008001f2c
 .igot.plt      0x000000002000000c        0x0 c:/st/stm32cubeide_1.7.0/stm32cubeide/plugins/com.st.stm32cube.ide.mcu.externaltools.gnu-tools-for-stm32.9-2020-q2-update.win32_2.0.0.202105311346/tools/bin/../lib/gcc/arm-none-eabi/9.3.1/thumb/v7-m/nofp/crtbegin.o
                0x000000002000000c                . = ALIGN (0x4)

.bss            0x000000002000000c      0x2b4 load address 0x0000000008001f2c
                0x000000002000000c                _sbss = .
                0x000000002000000c                __bss_start__ = _sbss
 *(.bss)
 .bss           0x000000002000000c       0x1c c:/st/stm32cubeide_1.7.0/stm32cubeide/plugins/com.st.stm32cube.ide.mcu.externaltools.gnu-tools-for-stm32.9-2020-q2-update.win32_2.0.0.202105311346/tools/bin/../lib/gcc/arm-none-eabi/9.3.1/thumb/v7-m/nofp/crtbegin.o
 *(.bss*)
 *(COMMON)
 COMMON         0x0000000020000028       0xa8 ./Core/Src/i2c.o
                0x0000000020000028                hi2c1
                0x000000002000007c                hi2c2
 COMMON         0x00000000200000d0      0x120 ./Core/Src/tim.o
                0x00000000200000d0                htim4
                0x0000000020000118                htim3
                0x0000000020000160                htim1
                0x00000000200001a8                htim2
 COMMON         0x00000000200001f0       0xcc ./Core/Src/usart.o
                0x00000000200001f0                huart3
                0x0000000020000234                huart1
                0x0000000020000278                huart2
 COMMON         0x00000000200002bc        0x4 ./Drivers/STM32F1xx_HAL_Driver/Src/stm32f1xx_hal.o
                0x00000000200002bc                uwTick
                0x00000000200002c0                . = ALIGN (0x4)
                0x00000000200002c0                _ebss = .
                0x00000000200002c0                __bss_end__ = _ebss

._user_heap_stack
                0x00000000200002c0      0x600 load address 0x0000000008001f2c
                0x00000000200002c0                . = ALIGN (0x8)
                0x00000000200002c0                PROVIDE (end = .)
                [!provide]                        PROVIDE (_end = .)
                0x00000000200004c0                . = (. + _Min_Heap_Size)
 *fill*         0x00000000200002c0      0x200 
                0x00000000200008c0                . = (. + _Min_Stack_Size)
 *fill*         0x00000000200004c0      0x400 
                0x00000000200008c0                . = ALIGN (0x8)

/DISCARD/
 libc.a(*)
 libm.a(*)
 libgcc.a(*)

.ARM.attributes
                0x0000000000000000       0x29
 *(.ARM.attributes)
 .ARM.attributes
                0x0000000000000000       0x1d c:/st/stm32cubeide_1.7.0/stm32cubeide/plugins/com.st.stm32cube.ide.mcu.externaltools.gnu-tools-for-stm32.9-2020-q2-update.win32_2.0.0.202105311346/tools/bin/../lib/gcc/arm-none-eabi/9.3.1/thumb/v7-m/nofp/crti.o
 .ARM.attributes
                0x000000000000001d       0x2d c:/st/stm32cubeide_1.7.0/stm32cubeide/plugins/com.st.stm32cube.ide.mcu.externaltools.gnu-tools-for-stm32.9-2020-q2-update.win32_2.0.0.202105311346/tools/bin/../lib/gcc/arm-none-eabi/9.3.1/thumb/v7-m/nofp/crtbegin.o
 .ARM.attributes
                0x000000000000004a       0x2d ./Core/Src/gpio.o
 .ARM.attributes
                0x0000000000000077       0x2d ./Core/Src/i2c.o
 .ARM.attributes
                0x00000000000000a4       0x2d ./Core/Src/main.o
 .ARM.attributes
                0x00000000000000d1       0x2d ./Core/Src/stm32f1xx_hal_msp.o
 .ARM.attributes
                0x00000000000000fe       0x2d ./Core/Src/stm32f1xx_it.o
 .ARM.attributes
                0x000000000000012b       0x2d ./Core/Src/system_stm32f1xx.o
 .ARM.attributes
                0x0000000000000158       0x2d ./Core/Src/tim.o
 .ARM.attributes
                0x0000000000000185       0x2d ./Core/Src/usart.o
 .ARM.attributes
                0x00000000000001b2       0x2d ./Drivers/STM32F1xx_HAL_Driver/Src/stm32f1xx_hal.o
 .ARM.attributes
                0x00000000000001df       0x2d ./Drivers/STM32F1xx_HAL_Driver/Src/stm32f1xx_hal_cortex.o
 .ARM.attributes
                0x000000000000020c       0x2d ./Drivers/STM32F1xx_HAL_Driver/Src/stm32f1xx_hal_gpio.o
 .ARM.attributes
                0x0000000000000239       0x2d ./Drivers/STM32F1xx_HAL_Driver/Src/stm32f1xx_hal_i2c.o
 .ARM.attributes
                0x0000000000000266       0x2d ./Drivers/STM32F1xx_HAL_Driver/Src/stm32f1xx_hal_rcc.o
 .ARM.attributes
                0x0000000000000293       0x2d ./Drivers/STM32F1xx_HAL_Driver/Src/stm32f1xx_hal_tim.o
 .ARM.attributes
                0x00000000000002c0       0x2d ./Drivers/STM32F1xx_HAL_Driver/Src/stm32f1xx_hal_tim_ex.o
 .ARM.attributes
                0x00000000000002ed       0x2d ./Drivers/STM32F1xx_HAL_Driver/Src/stm32f1xx_hal_uart.o
 .ARM.attributes
                0x000000000000031a       0x21 ./startup/startup_stm32f103xe.o
 .ARM.attributes
                0x000000000000033b       0x2d c:/st/stm32cubeide_1.7.0/stm32cubeide/plugins/com.st.stm32cube.ide.mcu.externaltools.gnu-tools-for-stm32.9-2020-q2-update.win32_2.0.0.202105311346/tools/bin/../lib/gcc/arm-none-eabi/9.3.1/../../../../arm-none-eabi/lib/thumb/v7-m/nofp\libc_nano.a(lib_a-init.o)
 .ARM.attributes
                0x0000000000000368       0x2d c:/st/stm32cubeide_1.7.0/stm32cubeide/plugins/com.st.stm32cube.ide.mcu.externaltools.gnu-tools-for-stm32.9-2020-q2-update.win32_2.0.0.202105311346/tools/bin/../lib/gcc/arm-none-eabi/9.3.1/../../../../arm-none-eabi/lib/thumb/v7-m/nofp\libc_nano.a(lib_a-memset.o)
 .ARM.attributes
                0x0000000000000395       0x1d c:/st/stm32cubeide_1.7.0/stm32cubeide/plugins/com.st.stm32cube.ide.mcu.externaltools.gnu-tools-for-stm32.9-2020-q2-update.win32_2.0.0.202105311346/tools/bin/../lib/gcc/arm-none-eabi/9.3.1/thumb/v7-m/nofp/crtn.o
OUTPUT(college_team_balance_car.elf elf32-littlearm)
LOAD linker stubs
LOAD c:/st/stm32cubeide_1.7.0/stm32cubeide/plugins/com.st.stm32cube.ide.mcu.externaltools.gnu-tools-for-stm32.9-2020-q2-update.win32_2.0.0.202105311346/tools/bin/../lib/gcc/arm-none-eabi/9.3.1/../../../../arm-none-eabi/lib/thumb/v7-m/nofp\libc.a
LOAD c:/st/stm32cubeide_1.7.0/stm32cubeide/plugins/com.st.stm32cube.ide.mcu.externaltools.gnu-tools-for-stm32.9-2020-q2-update.win32_2.0.0.202105311346/tools/bin/../lib/gcc/arm-none-eabi/9.3.1/../../../../arm-none-eabi/lib/thumb/v7-m/nofp\libm.a
LOAD c:/st/stm32cubeide_1.7.0/stm32cubeide/plugins/com.st.stm32cube.ide.mcu.externaltools.gnu-tools-for-stm32.9-2020-q2-update.win32_2.0.0.202105311346/tools/bin/../lib/gcc/arm-none-eabi/9.3.1/thumb/v7-m/nofp\libgcc.a

.debug_info     0x0000000000000000    0x1244a
 .debug_info    0x0000000000000000      0x473 ./Core/Src/gpio.o
 .debug_info    0x0000000000000473      0xa55 ./Core/Src/i2c.o
 .debug_info    0x0000000000000ec8      0xf62 ./Core/Src/main.o
 .debug_info    0x0000000000001e2a      0x301 ./Core/Src/stm32f1xx_hal_msp.o
 .debug_info    0x000000000000212b      0x816 ./Core/Src/stm32f1xx_it.o
 .debug_info    0x0000000000002941      0x2cd ./Core/Src/system_stm32f1xx.o
 .debug_info    0x0000000000002c0e     0x1420 ./Core/Src/tim.o
 .debug_info    0x000000000000402e      0xb4c ./Core/Src/usart.o
 .debug_info    0x0000000000004b7a      0x89b ./Drivers/STM32F1xx_HAL_Driver/Src/stm32f1xx_hal.o
 .debug_info    0x0000000000005415      0xeb0 ./Drivers/STM32F1xx_HAL_Driver/Src/stm32f1xx_hal_cortex.o
 .debug_info    0x00000000000062c5      0x75f ./Drivers/STM32F1xx_HAL_Driver/Src/stm32f1xx_hal_gpio.o
 .debug_info    0x0000000000006a24     0x3b37 ./Drivers/STM32F1xx_HAL_Driver/Src/stm32f1xx_hal_i2c.o
 .debug_info    0x000000000000a55b      0xaaf ./Drivers/STM32F1xx_HAL_Driver/Src/stm32f1xx_hal_rcc.o
 .debug_info    0x000000000000b00a     0x3be4 ./Drivers/STM32F1xx_HAL_Driver/Src/stm32f1xx_hal_tim.o
 .debug_info    0x000000000000ebee     0x1ad7 ./Drivers/STM32F1xx_HAL_Driver/Src/stm32f1xx_hal_tim_ex.o
 .debug_info    0x00000000000106c5     0x1d63 ./Drivers/STM32F1xx_HAL_Driver/Src/stm32f1xx_hal_uart.o
 .debug_info    0x0000000000012428       0x22 ./startup/startup_stm32f103xe.o

.debug_abbrev   0x0000000000000000     0x2289
 .debug_abbrev  0x0000000000000000      0x17e ./Core/Src/gpio.o
 .debug_abbrev  0x000000000000017e      0x1f0 ./Core/Src/i2c.o
 .debug_abbrev  0x000000000000036e      0x1fe ./Core/Src/main.o
 .debug_abbrev  0x000000000000056c      0x131 ./Core/Src/stm32f1xx_hal_msp.o
 .debug_abbrev  0x000000000000069d      0x196 ./Core/Src/stm32f1xx_it.o
 .debug_abbrev  0x0000000000000833      0x154 ./Core/Src/system_stm32f1xx.o
 .debug_abbrev  0x0000000000000987      0x289 ./Core/Src/tim.o
 .debug_abbrev  0x0000000000000c10      0x204 ./Core/Src/usart.o
 .debug_abbrev  0x0000000000000e14      0x21c ./Drivers/STM32F1xx_HAL_Driver/Src/stm32f1xx_hal.o
 .debug_abbrev  0x0000000000001030      0x36a ./Drivers/STM32F1xx_HAL_Driver/Src/stm32f1xx_hal_cortex.o
 .debug_abbrev  0x000000000000139a      0x216 ./Drivers/STM32F1xx_HAL_Driver/Src/stm32f1xx_hal_gpio.o
 .debug_abbrev  0x00000000000015b0      0x2c2 ./Drivers/STM32F1xx_HAL_Driver/Src/stm32f1xx_hal_i2c.o
 .debug_abbrev  0x0000000000001872      0x290 ./Drivers/STM32F1xx_HAL_Driver/Src/stm32f1xx_hal_rcc.o
 .debug_abbrev  0x0000000000001b02      0x26e ./Drivers/STM32F1xx_HAL_Driver/Src/stm32f1xx_hal_tim.o
 .debug_abbrev  0x0000000000001d70      0x271 ./Drivers/STM32F1xx_HAL_Driver/Src/stm32f1xx_hal_tim_ex.o
 .debug_abbrev  0x0000000000001fe1      0x296 ./Drivers/STM32F1xx_HAL_Driver/Src/stm32f1xx_hal_uart.o
 .debug_abbrev  0x0000000000002277       0x12 ./startup/startup_stm32f103xe.o

.debug_aranges  0x0000000000000000      0xe38
 .debug_aranges
                0x0000000000000000       0x20 ./Core/Src/gpio.o
 .debug_aranges
                0x0000000000000020       0x38 ./Core/Src/i2c.o
 .debug_aranges
                0x0000000000000058       0x30 ./Core/Src/main.o
 .debug_aranges
                0x0000000000000088       0x20 ./Core/Src/stm32f1xx_hal_msp.o
 .debug_aranges
                0x00000000000000a8       0x70 ./Core/Src/stm32f1xx_it.o
 .debug_aranges
                0x0000000000000118       0x28 ./Core/Src/system_stm32f1xx.o
 .debug_aranges
                0x0000000000000140       0x60 ./Core/Src/tim.o
 .debug_aranges
                0x00000000000001a0       0x40 ./Core/Src/usart.o
 .debug_aranges
                0x00000000000001e0       0xe0 ./Drivers/STM32F1xx_HAL_Driver/Src/stm32f1xx_hal.o
 .debug_aranges
                0x00000000000002c0       0x90 ./Drivers/STM32F1xx_HAL_Driver/Src/stm32f1xx_hal_cortex.o
 .debug_aranges
                0x0000000000000350       0x58 ./Drivers/STM32F1xx_HAL_Driver/Src/stm32f1xx_hal_gpio.o
 .debug_aranges
                0x00000000000003a8      0x2a0 ./Drivers/STM32F1xx_HAL_Driver/Src/stm32f1xx_hal_i2c.o
 .debug_aranges
                0x0000000000000648       0x90 ./Drivers/STM32F1xx_HAL_Driver/Src/stm32f1xx_hal_rcc.o
 .debug_aranges
                0x00000000000006d8      0x3d0 ./Drivers/STM32F1xx_HAL_Driver/Src/stm32f1xx_hal_tim.o
 .debug_aranges
                0x0000000000000aa8      0x168 ./Drivers/STM32F1xx_HAL_Driver/Src/stm32f1xx_hal_tim_ex.o
 .debug_aranges
                0x0000000000000c10      0x200 ./Drivers/STM32F1xx_HAL_Driver/Src/stm32f1xx_hal_uart.o
 .debug_aranges
                0x0000000000000e10       0x28 ./startup/startup_stm32f103xe.o

.debug_ranges   0x0000000000000000      0xdc8
 .debug_ranges  0x0000000000000000       0x10 ./Core/Src/gpio.o
 .debug_ranges  0x0000000000000010       0x28 ./Core/Src/i2c.o
 .debug_ranges  0x0000000000000038       0x20 ./Core/Src/main.o
 .debug_ranges  0x0000000000000058       0x10 ./Core/Src/stm32f1xx_hal_msp.o
 .debug_ranges  0x0000000000000068       0x60 ./Core/Src/stm32f1xx_it.o
 .debug_ranges  0x00000000000000c8       0x18 ./Core/Src/system_stm32f1xx.o
 .debug_ranges  0x00000000000000e0       0x50 ./Core/Src/tim.o
 .debug_ranges  0x0000000000000130       0x30 ./Core/Src/usart.o
 .debug_ranges  0x0000000000000160       0xd0 ./Drivers/STM32F1xx_HAL_Driver/Src/stm32f1xx_hal.o
 .debug_ranges  0x0000000000000230       0xe0 ./Drivers/STM32F1xx_HAL_Driver/Src/stm32f1xx_hal_cortex.o
 .debug_ranges  0x0000000000000310       0x48 ./Drivers/STM32F1xx_HAL_Driver/Src/stm32f1xx_hal_gpio.o
 .debug_ranges  0x0000000000000358      0x2a8 ./Drivers/STM32F1xx_HAL_Driver/Src/stm32f1xx_hal_i2c.o
 .debug_ranges  0x0000000000000600       0xa0 ./Drivers/STM32F1xx_HAL_Driver/Src/stm32f1xx_hal_rcc.o
 .debug_ranges  0x00000000000006a0      0x3c0 ./Drivers/STM32F1xx_HAL_Driver/Src/stm32f1xx_hal_tim.o
 .debug_ranges  0x0000000000000a60      0x158 ./Drivers/STM32F1xx_HAL_Driver/Src/stm32f1xx_hal_tim_ex.o
 .debug_ranges  0x0000000000000bb8      0x1f0 ./Drivers/STM32F1xx_HAL_Driver/Src/stm32f1xx_hal_uart.o
 .debug_ranges  0x0000000000000da8       0x20 ./startup/startup_stm32f103xe.o

.debug_macro    0x0000000000000000    0x19642
 .debug_macro   0x0000000000000000      0x1c6 ./Core/Src/gpio.o
 .debug_macro   0x00000000000001c6      0xa96 ./Core/Src/gpio.o
 .debug_macro   0x0000000000000c5c      0x221 ./Core/Src/gpio.o
 .debug_macro   0x0000000000000e7d       0x2e ./Core/Src/gpio.o
 .debug_macro   0x0000000000000eab       0x22 ./Core/Src/gpio.o
 .debug_macro   0x0000000000000ecd       0x22 ./Core/Src/gpio.o
 .debug_macro   0x0000000000000eef       0x8e ./Core/Src/gpio.o
 .debug_macro   0x0000000000000f7d       0x51 ./Core/Src/gpio.o
 .debug_macro   0x0000000000000fce      0x103 ./Core/Src/gpio.o
 .debug_macro   0x00000000000010d1       0x6a ./Core/Src/gpio.o
 .debug_macro   0x000000000000113b      0x1df ./Core/Src/gpio.o
 .debug_macro   0x000000000000131a       0x1c ./Core/Src/gpio.o
 .debug_macro   0x0000000000001336       0x22 ./Core/Src/gpio.o
 .debug_macro   0x0000000000001358       0xc3 ./Core/Src/gpio.o
 .debug_macro   0x000000000000141b      0xd23 ./Core/Src/gpio.o
 .debug_macro   0x000000000000213e     0xfd8c ./Core/Src/gpio.o
 .debug_macro   0x0000000000011eca       0x6d ./Core/Src/gpio.o
 .debug_macro   0x0000000000011f37     0x3468 ./Core/Src/gpio.o
 .debug_macro   0x000000000001539f      0x174 ./Core/Src/gpio.o
 .debug_macro   0x0000000000015513       0x5c ./Core/Src/gpio.o
 .debug_macro   0x000000000001556f      0x5be ./Core/Src/gpio.o
 .debug_macro   0x0000000000015b2d      0x4d5 ./Core/Src/gpio.o
 .debug_macro   0x0000000000016002      0x1cb ./Core/Src/gpio.o
 .debug_macro   0x00000000000161cd      0x114 ./Core/Src/gpio.o
 .debug_macro   0x00000000000162e1      0x1ea ./Core/Src/gpio.o
 .debug_macro   0x00000000000164cb       0x27 ./Core/Src/gpio.o
 .debug_macro   0x00000000000164f2      0x144 ./Core/Src/gpio.o
 .debug_macro   0x0000000000016636      0x1bc ./Core/Src/gpio.o
 .debug_macro   0x00000000000167f2       0x30 ./Core/Src/gpio.o
 .debug_macro   0x0000000000016822       0x3c ./Core/Src/gpio.o
 .debug_macro   0x000000000001685e       0x57 ./Core/Src/gpio.o
 .debug_macro   0x00000000000168b5       0x88 ./Core/Src/gpio.o
 .debug_macro   0x000000000001693d      0x24f ./Core/Src/gpio.o
 .debug_macro   0x0000000000016b8c      0x287 ./Core/Src/gpio.o
 .debug_macro   0x0000000000016e13      0x141 ./Core/Src/gpio.o
 .debug_macro   0x0000000000016f54      0x8d1 ./Core/Src/gpio.o
 .debug_macro   0x0000000000017825      0x279 ./Core/Src/gpio.o
 .debug_macro   0x0000000000017a9e       0xb5 ./Core/Src/gpio.o
 .debug_macro   0x0000000000017b53       0x34 ./Core/Src/gpio.o
 .debug_macro   0x0000000000017b87      0x1c6 ./Core/Src/i2c.o
 .debug_macro   0x0000000000017d4d      0x1e8 ./Core/Src/main.o
 .debug_macro   0x0000000000017f35      0x1bc ./Core/Src/stm32f1xx_hal_msp.o
 .debug_macro   0x00000000000180f1      0x1c6 ./Core/Src/stm32f1xx_it.o
 .debug_macro   0x00000000000182b7      0x1ad ./Core/Src/system_stm32f1xx.o
 .debug_macro   0x0000000000018464      0x1c6 ./Core/Src/tim.o
 .debug_macro   0x000000000001862a      0x1c6 ./Core/Src/usart.o
 .debug_macro   0x00000000000187f0      0x1d1 ./Drivers/STM32F1xx_HAL_Driver/Src/stm32f1xx_hal.o
 .debug_macro   0x00000000000189c1      0x1ad ./Drivers/STM32F1xx_HAL_Driver/Src/stm32f1xx_hal_cortex.o
 .debug_macro   0x0000000000018b6e      0x218 ./Drivers/STM32F1xx_HAL_Driver/Src/stm32f1xx_hal_gpio.o
 .debug_macro   0x0000000000018d86      0x1f4 ./Drivers/STM32F1xx_HAL_Driver/Src/stm32f1xx_hal_i2c.o
 .debug_macro   0x0000000000018f7a      0x1bf ./Drivers/STM32F1xx_HAL_Driver/Src/stm32f1xx_hal_rcc.o
 .debug_macro   0x0000000000019139      0x1ae ./Drivers/STM32F1xx_HAL_Driver/Src/stm32f1xx_hal_tim.o
 .debug_macro   0x00000000000192e7      0x1ad ./Drivers/STM32F1xx_HAL_Driver/Src/stm32f1xx_hal_tim_ex.o
 .debug_macro   0x0000000000019494      0x1ae ./Drivers/STM32F1xx_HAL_Driver/Src/stm32f1xx_hal_uart.o

.debug_line     0x0000000000000000    0x15d13
 .debug_line    0x0000000000000000      0x725 ./Core/Src/gpio.o
 .debug_line    0x0000000000000725      0x830 ./Core/Src/i2c.o
 .debug_line    0x0000000000000f55      0x79d ./Core/Src/main.o
 .debug_line    0x00000000000016f2      0x6a5 ./Core/Src/stm32f1xx_hal_msp.o
 .debug_line    0x0000000000001d97      0x7c5 ./Core/Src/stm32f1xx_it.o
 .debug_line    0x000000000000255c      0x73f ./Core/Src/system_stm32f1xx.o
 .debug_line    0x0000000000002c9b      0xbff ./Core/Src/tim.o
 .debug_line    0x000000000000389a      0x926 ./Core/Src/usart.o
 .debug_line    0x00000000000041c0      0x9ad ./Drivers/STM32F1xx_HAL_Driver/Src/stm32f1xx_hal.o
 .debug_line    0x0000000000004b6d      0xb25 ./Drivers/STM32F1xx_HAL_Driver/Src/stm32f1xx_hal_cortex.o
 .debug_line    0x0000000000005692      0xac2 ./Drivers/STM32F1xx_HAL_Driver/Src/stm32f1xx_hal_gpio.o
 .debug_line    0x0000000000006154     0x5942 ./Drivers/STM32F1xx_HAL_Driver/Src/stm32f1xx_hal_i2c.o
 .debug_line    0x000000000000ba96     0x108c ./Drivers/STM32F1xx_HAL_Driver/Src/stm32f1xx_hal_rcc.o
 .debug_line    0x000000000000cb22     0x4bde ./Drivers/STM32F1xx_HAL_Driver/Src/stm32f1xx_hal_tim.o
 .debug_line    0x0000000000011700     0x205c ./Drivers/STM32F1xx_HAL_Driver/Src/stm32f1xx_hal_tim_ex.o
 .debug_line    0x000000000001375c     0x2537 ./Drivers/STM32F1xx_HAL_Driver/Src/stm32f1xx_hal_uart.o
 .debug_line    0x0000000000015c93       0x80 ./startup/startup_stm32f103xe.o

.debug_str      0x0000000000000000    0x96ddc
 .debug_str     0x0000000000000000    0x92d75 ./Core/Src/gpio.o
                                      0x93177 (size before relaxing)
 .debug_str     0x0000000000092d75      0x491 ./Core/Src/i2c.o
                                      0x9362e (size before relaxing)
 .debug_str     0x0000000000093206      0x64a ./Core/Src/main.o
                                      0x93c26 (size before relaxing)
 .debug_str     0x0000000000093850       0x5a ./Core/Src/stm32f1xx_hal_msp.o
                                      0x9310d (size before relaxing)
 .debug_str     0x00000000000938aa       0xfc ./Core/Src/stm32f1xx_it.o
                                      0x93629 (size before relaxing)
 .debug_str     0x00000000000939a6       0x52 ./Core/Src/system_stm32f1xx.o
                                      0x93058 (size before relaxing)
 .debug_str     0x00000000000939f8      0x648 ./Core/Src/tim.o
                                      0x93daa (size before relaxing)
 .debug_str     0x0000000000094040       0x51 ./Core/Src/usart.o
                                      0x935e5 (size before relaxing)
 .debug_str     0x0000000000094091      0x31f ./Drivers/STM32F1xx_HAL_Driver/Src/stm32f1xx_hal.o
                                      0x93812 (size before relaxing)
 .debug_str     0x00000000000943b0      0x294 ./Drivers/STM32F1xx_HAL_Driver/Src/stm32f1xx_hal_cortex.o
                                      0x937d5 (size before relaxing)
 .debug_str     0x0000000000094644      0x2f4 ./Drivers/STM32F1xx_HAL_Driver/Src/stm32f1xx_hal_gpio.o
                                      0x9341c (size before relaxing)
 .debug_str     0x0000000000094938      0xb8d ./Drivers/STM32F1xx_HAL_Driver/Src/stm32f1xx_hal_i2c.o
                                      0x940e8 (size before relaxing)
 .debug_str     0x00000000000954c5      0x209 ./Drivers/STM32F1xx_HAL_Driver/Src/stm32f1xx_hal_rcc.o
                                      0x9347c (size before relaxing)
 .debug_str     0x00000000000956ce      0xcec ./Drivers/STM32F1xx_HAL_Driver/Src/stm32f1xx_hal_tim.o
                                      0x9447a (size before relaxing)
 .debug_str     0x00000000000963ba      0x3fe ./Drivers/STM32F1xx_HAL_Driver/Src/stm32f1xx_hal_tim_ex.o
                                      0x93c7b (size before relaxing)
 .debug_str     0x00000000000967b8      0x5f5 ./Drivers/STM32F1xx_HAL_Driver/Src/stm32f1xx_hal_uart.o
                                      0x93abe (size before relaxing)
 .debug_str     0x0000000000096dad       0x2f ./startup/startup_stm32f103xe.o
                                         0x5d (size before relaxing)

.comment        0x0000000000000000       0x53
 .comment       0x0000000000000000       0x53 ./Core/Src/gpio.o
                                         0x54 (size before relaxing)
 .comment       0x0000000000000053       0x54 ./Core/Src/i2c.o
 .comment       0x0000000000000053       0x54 ./Core/Src/main.o
 .comment       0x0000000000000053       0x54 ./Core/Src/stm32f1xx_hal_msp.o
 .comment       0x0000000000000053       0x54 ./Core/Src/stm32f1xx_it.o
 .comment       0x0000000000000053       0x54 ./Core/Src/system_stm32f1xx.o
 .comment       0x0000000000000053       0x54 ./Core/Src/tim.o
 .comment       0x0000000000000053       0x54 ./Core/Src/usart.o
 .comment       0x0000000000000053       0x54 ./Drivers/STM32F1xx_HAL_Driver/Src/stm32f1xx_hal.o
 .comment       0x0000000000000053       0x54 ./Drivers/STM32F1xx_HAL_Driver/Src/stm32f1xx_hal_cortex.o
 .comment       0x0000000000000053       0x54 ./Drivers/STM32F1xx_HAL_Driver/Src/stm32f1xx_hal_gpio.o
 .comment       0x0000000000000053       0x54 ./Drivers/STM32F1xx_HAL_Driver/Src/stm32f1xx_hal_i2c.o
 .comment       0x0000000000000053       0x54 ./Drivers/STM32F1xx_HAL_Driver/Src/stm32f1xx_hal_rcc.o
 .comment       0x0000000000000053       0x54 ./Drivers/STM32F1xx_HAL_Driver/Src/stm32f1xx_hal_tim.o
 .comment       0x0000000000000053       0x54 ./Drivers/STM32F1xx_HAL_Driver/Src/stm32f1xx_hal_tim_ex.o
 .comment       0x0000000000000053       0x54 ./Drivers/STM32F1xx_HAL_Driver/Src/stm32f1xx_hal_uart.o

.debug_frame    0x0000000000000000     0x2808
 .debug_frame   0x0000000000000000       0x38 ./Core/Src/gpio.o
 .debug_frame   0x0000000000000038       0x78 ./Core/Src/i2c.o
 .debug_frame   0x00000000000000b0       0x58 ./Core/Src/main.o
 .debug_frame   0x0000000000000108       0x28 ./Core/Src/stm32f1xx_hal_msp.o
 .debug_frame   0x0000000000000130       0xd8 ./Core/Src/stm32f1xx_it.o
 .debug_frame   0x0000000000000208       0x30 ./Core/Src/system_stm32f1xx.o
 .debug_frame   0x0000000000000238      0x118 ./Core/Src/tim.o
 .debug_frame   0x0000000000000350       0x90 ./Core/Src/usart.o
 .debug_frame   0x00000000000003e0      0x1cc ./Drivers/STM32F1xx_HAL_Driver/Src/stm32f1xx_hal.o
 .debug_frame   0x00000000000005ac      0x12c ./Drivers/STM32F1xx_HAL_Driver/Src/stm32f1xx_hal_cortex.o
 .debug_frame   0x00000000000006d8       0xe8 ./Drivers/STM32F1xx_HAL_Driver/Src/stm32f1xx_hal_gpio.o
 .debug_frame   0x00000000000007c0      0x970 ./Drivers/STM32F1xx_HAL_Driver/Src/stm32f1xx_hal_i2c.o
 .debug_frame   0x0000000000001130      0x190 ./Drivers/STM32F1xx_HAL_Driver/Src/stm32f1xx_hal_rcc.o
 .debug_frame   0x00000000000012c0      0xb18 ./Drivers/STM32F1xx_HAL_Driver/Src/stm32f1xx_hal_tim.o
 .debug_frame   0x0000000000001dd8      0x420 ./Drivers/STM32F1xx_HAL_Driver/Src/stm32f1xx_hal_tim_ex.o
 .debug_frame   0x00000000000021f8      0x5c4 ./Drivers/STM32F1xx_HAL_Driver/Src/stm32f1xx_hal_uart.o
 .debug_frame   0x00000000000027bc       0x2c c:/st/stm32cubeide_1.7.0/stm32cubeide/plugins/com.st.stm32cube.ide.mcu.externaltools.gnu-tools-for-stm32.9-2020-q2-update.win32_2.0.0.202105311346/tools/bin/../lib/gcc/arm-none-eabi/9.3.1/../../../../arm-none-eabi/lib/thumb/v7-m/nofp\libc_nano.a(lib_a-init.o)
 .debug_frame   0x00000000000027e8       0x20 c:/st/stm32cubeide_1.7.0/stm32cubeide/plugins/com.st.stm32cube.ide.mcu.externaltools.gnu-tools-for-stm32.9-2020-q2-update.win32_2.0.0.202105311346/tools/bin/../lib/gcc/arm-none-eabi/9.3.1/../../../../arm-none-eabi/lib/thumb/v7-m/nofp\libc_nano.a(lib_a-memset.o)

.debug_loc      0x0000000000000000     0xd994
 .debug_loc     0x0000000000000000       0xbe ./Core/Src/i2c.o
 .debug_loc     0x00000000000000be       0x15 ./Core/Src/stm32f1xx_hal_msp.o
 .debug_loc     0x00000000000000d3       0xff ./Core/Src/system_stm32f1xx.o
 .debug_loc     0x00000000000001d2      0x152 ./Core/Src/tim.o
 .debug_loc     0x0000000000000324      0x12d ./Core/Src/usart.o
 .debug_loc     0x0000000000000451      0x141 ./Drivers/STM32F1xx_HAL_Driver/Src/stm32f1xx_hal.o
 .debug_loc     0x0000000000000592      0x71f ./Drivers/STM32F1xx_HAL_Driver/Src/stm32f1xx_hal_cortex.o
 .debug_loc     0x0000000000000cb1      0x45b ./Drivers/STM32F1xx_HAL_Driver/Src/stm32f1xx_hal_gpio.o
 .debug_loc     0x000000000000110c     0x4108 ./Drivers/STM32F1xx_HAL_Driver/Src/stm32f1xx_hal_i2c.o
 .debug_loc     0x0000000000005214      0x610 ./Drivers/STM32F1xx_HAL_Driver/Src/stm32f1xx_hal_rcc.o
 .debug_loc     0x0000000000005824     0x467a ./Drivers/STM32F1xx_HAL_Driver/Src/stm32f1xx_hal_tim.o
 .debug_loc     0x0000000000009e9e     0x1abf ./Drivers/STM32F1xx_HAL_Driver/Src/stm32f1xx_hal_tim_ex.o
 .debug_loc     0x000000000000b95d     0x2037 ./Drivers/STM32F1xx_HAL_Driver/Src/stm32f1xx_hal_uart.o
